[2026-08-23T10:22:22Z] === SETUP: build_manifest_epoch3.py -> /home/user/DeepReason/experiments/2026-08-22-change-epoch3-second-lineage/run ===
{
  "attached_evidence_enabled": true,
  "compile_notices": [],
  "criteria": [
    "uhi-energy-balance@v1",
    "uhi-nocturnal-release@v1",
    "uhi-cross-city-modulator@v1"
  ],
  "evidence_dossier_digest": "9250d2a65525d09b209b60c348207b948a585f5b878eb1652ba9b68e6abaef95",
  "manifest_sha256": "bb0455384ea09b5b72664a4f6f3f0cb7a5ac227c00a93976e5c8c31873ca84f4",
  "problem_id": "question-4dd62735b90864a75220e09b302500bc",
  "run_input_digest": "84832aad24a47c15da7127c5588c37d7efc4ee8d246f2c441d48f780720fcae6"
}
[2026-08-23T10:22:24Z] SETUP OK rc=0
[2026-08-23T10:22:24Z] === PREFLIGHT: seeded criteria + discrimination ===
reasoning-envelope-wf            evaluable=True  on=fail     off=fail     discriminates=False
uhi-energy-balance@v1            evaluable=True  on=pass     off=fail     discriminates=True
uhi-nocturnal-release@v1         evaluable=True  on=pass     off=fail     discriminates=True
uhi-cross-city-modulator@v1      evaluable=True  on=pass     off=fail     discriminates=True

seeded criteria: ['reasoning-envelope-wf', 'uhi-energy-balance@v1', 'uhi-nocturnal-release@v1', 'uhi-cross-city-modulator@v1']
wrote /home/user/DeepReason/experiments/2026-08-22-live-reach-rich-run/preflight_seed.json
[2026-08-23T10:22:25Z] PREFLIGHT OK rc=0
[2026-08-23T10:22:25Z] === SUPPLEMENT PREFLIGHT: the attachment must not pass the seed battery ===
uhi-energy-balance@v1            evaluable=True  verdict=fail
uhi-nocturnal-release@v1         evaluable=True  verdict=fail
uhi-cross-city-modulator@v1      evaluable=True  verdict=fail

supplement: experiments/2026-08-22-change-epoch3-second-lineage/supplement-nocturnal-collapse.md (1656 bytes)
passing the seed's subject predicates: none
control holds (not all three pass): True
[2026-08-23T10:22:26Z] SUPPLEMENT PREFLIGHT OK rc=0
[2026-08-23T10:22:26Z] === QUALIFY: production-contract doctor (concurrency=2) ===
[2026-08-23T10:23:21Z] QUALIFY OK rc=0
[2026-08-23T10:23:21Z] === PHASE 1: run --budget cycles=12 --token-budget 200000 ===
[2026-08-23T10:31:34Z] PHASE 1 rc=4 -- see /home/user/DeepReason/experiments/2026-08-22-change-epoch3-second-lineage/phase1-reason.{log,stderr.log} (a non-zero rc here can still be a typed stop; audit before treating it as failure)
[2026-08-23T10:31:42Z] PHASE 1 stop_reason=operational_failure
[2026-08-23T10:31:42Z] AMEND SKIPPED: stop_reason 'operational_failure' does not authorize continuation (workflow/lifecycle.py:28) -- phase 2 cannot run
[2026-08-23T10:31:42Z] === AUDIT: verify_root + findings + results + the reach census ===
root                         /home/user/DeepReason/experiments/2026-08-22-change-epoch3-second-lineage/run
recorded reach_set events    0
recorded addr pairs          0
recorded reach-provisional   0
  A-skip/status                      3
  A-skip/unaddr                      35
  addr_pairs                         24
  artifacts_candidate                21
  artifacts_total                    59
  commitments_registered             87
  problems_total                     1

wrote /home/user/DeepReason/experiments/2026-08-22-live-reach-rich-run/reach-census.json
[2026-08-23T10:32:32Z] REACH CENSUS: zero reach_set events -- judge per PREREG_EPOCH3.md §5
[2026-08-23T10:32:32Z] === DONE: see /home/user/DeepReason/experiments/2026-08-22-change-epoch3-second-lineage/{phase1-reason.log,phase2-continue.log,verify_root.json,epoch3-reach-census.json,findings.json,results.txt} ===
[2026-08-23T18:34:44Z] === SETUP: build_manifest_epoch3.py -> /home/user/DeepReason/experiments/2026-08-22-change-epoch3-second-lineage/.dry-run-root ===
{
  "attached_evidence_enabled": true,
  "compile_notices": [],
  "criteria": [
    "uhi-energy-balance@v1",
    "uhi-nocturnal-release@v1",
    "uhi-cross-city-modulator@v1"
  ],
  "evidence_dossier_digest": "9250d2a65525d09b209b60c348207b948a585f5b878eb1652ba9b68e6abaef95",
  "manifest_sha256": "bb0455384ea09b5b72664a4f6f3f0cb7a5ac227c00a93976e5c8c31873ca84f4",
  "problem_id": "question-4dd62735b90864a75220e09b302500bc",
  "run_input_digest": "84832aad24a47c15da7127c5588c37d7efc4ee8d246f2c441d48f780720fcae6"
}
[2026-08-23T18:34:47Z] SETUP OK rc=0
[2026-08-23T18:34:47Z] === PREFLIGHT: seeded criteria + discrimination ===
reasoning-envelope-wf            evaluable=True  on=fail     off=fail     discriminates=False
uhi-energy-balance@v1            evaluable=True  on=pass     off=fail     discriminates=True
uhi-nocturnal-release@v1         evaluable=True  on=pass     off=fail     discriminates=True
uhi-cross-city-modulator@v1      evaluable=True  on=pass     off=fail     discriminates=True

seeded criteria: ['reasoning-envelope-wf', 'uhi-energy-balance@v1', 'uhi-nocturnal-release@v1', 'uhi-cross-city-modulator@v1']
wrote /home/user/DeepReason/experiments/2026-08-22-live-reach-rich-run/preflight_seed.json
[2026-08-23T18:34:49Z] PREFLIGHT OK rc=0
[2026-08-23T18:34:49Z] === SUPPLEMENT PREFLIGHT: the attachment must not pass the seed battery ===
uhi-energy-balance@v1            evaluable=True  verdict=fail
uhi-nocturnal-release@v1         evaluable=True  verdict=fail
uhi-cross-city-modulator@v1      evaluable=True  verdict=fail

supplement: experiments/2026-08-22-change-epoch3-second-lineage/supplement-nocturnal-collapse.md (1656 bytes)
passing the seed's subject predicates: none
control holds (not all three pass): True
[2026-08-23T18:34:50Z] SUPPLEMENT PREFLIGHT OK rc=0
[2026-08-23T18:34:50Z] DRY RUN: stopping before qualify -- no provider call made, rehearsal root removed, rc=0
