[soak] stub provider on 127.0.0.1:38189 (reused from wheel_operational_smoke)
[soak] working directory /tmp/cycle-soak-mxu8kzhy
[soak] built root: manifest 96659688c76caedf…  criteria ['uhi-energy-balance@v1', 'uhi-nocturnal-release@v1', 'uhi-cross-city-modulator@v1']
[soak] qualified in 3.1s
[soak] driving 8 cycles …

========================================================================
CYCLE SOAK -- case epoch3
========================================================================
  manifest sha256        96659688c76caedfe1ac37cc37e8537a9db9376290a291de493ebab8f3475c69
  criteria               uhi-energy-balance@v1, uhi-nocturnal-release@v1, uhi-cross-city-modulator@v1
  attached evidence      True
  cycles requested       8
  qualification          rc=0 (3.1s)
  drive                  143.3s, 11 progress events

-- S1 run assertions ---------------------------------------------------
  [PASS] A1-typed-terminal            state='completed' stop_reason='budget_exhausted' typed_error=None
  [PASS] A2-no-operational-failure    stop_reason='budget_exhausted'
  [PASS] A3-verify-root-clean         0 violation(s)
  [PASS] A4-cycles-reached            reached cycle 8 of 8 requested; the deepest recorded death was cycle 2

-- S2/S4 seam coverage -------------------------------------------------
  [PART] D1-seat-contract         seat contracts with repairs
         reason: seat contracts exercised, but zero repair attempts: the deterministic stub always returns a schema-valid response, so attempt_index never advances past 0 offline
         reached: {'workflow-contract-decomposition-transition-v1': 0, 'workflow-provider-attempt-v1': 32}
  [PASS] D2-route-lease           lease-checked routes with tuning
         reached: {'workflow-provider-attempt-v1': 32}
  [PASS] D3-budget-auth           budget authorization
         reached: {'workflow-dispatch-authorization-v1': 32}
  [PASS] D4-reservation-bound     reservation/dispatch bounds
         reached: {'workflow-token-reservation-v2': 32}

-- record census -------------------------------------------------------
      16  artifact
       5  commitment
       1  problem
       3  warrant
      32  workflow-context-exposure-v2
      32  workflow-context-pack-plan-v1
      32  workflow-dispatch-authorization-v1
       1  workflow-lifecycle-decision
       1  workflow-lifecycle-snapshot
       1  workflow-model-classification-binding-v1
      32  workflow-provider-attempt-v1
       1  workflow-route-seat-model-classification-plan-v1
       1  workflow-run-terminal-commitment-v1
       1  workflow-run-terminal-result-draft-v1
      32  workflow-semantic-admission-v1
       1  workflow-stop-metrics-observation
      32  workflow-token-reservation-v2
     160  workflow-work-lifecycle-transition-v1
      32  workflow-work-preparation-v1
      32  workflow-work-terminal-v1

[soak] report /tmp/cycle-soak-mxu8kzhy/soak-report.json
[soak] exit 0 (clean)
