[2026-08-23T18:35:38Z] === SETUP: build_manifest_epoch3.py -> /home/user/DeepReason/experiments/2026-08-22-change-epoch3-second-lineage/run ===
{
  "attached_evidence_enabled": true,
  "compile_notices": [],
  "criteria": [
    "uhi-energy-balance@v1",
    "uhi-nocturnal-release@v1",
    "uhi-cross-city-modulator@v1"
  ],
  "evidence_dossier_digest": "9250d2a65525d09b209b60c348207b948a585f5b878eb1652ba9b68e6abaef95",
  "manifest_sha256": "bb0455384ea09b5b72664a4f6f3f0cb7a5ac227c00a93976e5c8c31873ca84f4",
  "problem_id": "question-4dd62735b90864a75220e09b302500bc",
  "run_input_digest": "84832aad24a47c15da7127c5588c37d7efc4ee8d246f2c441d48f780720fcae6"
}
[2026-08-23T18:35:39Z] SETUP OK rc=0
[2026-08-23T18:35:39Z] === PREFLIGHT: seeded criteria + discrimination ===
reasoning-envelope-wf            evaluable=True  on=fail     off=fail     discriminates=False
uhi-energy-balance@v1            evaluable=True  on=pass     off=fail     discriminates=True
uhi-nocturnal-release@v1         evaluable=True  on=pass     off=fail     discriminates=True
uhi-cross-city-modulator@v1      evaluable=True  on=pass     off=fail     discriminates=True

seeded criteria: ['reasoning-envelope-wf', 'uhi-energy-balance@v1', 'uhi-nocturnal-release@v1', 'uhi-cross-city-modulator@v1']
wrote /home/user/DeepReason/experiments/2026-08-22-live-reach-rich-run/preflight_seed.json
[2026-08-23T18:35:40Z] PREFLIGHT OK rc=0
[2026-08-23T18:35:40Z] === SUPPLEMENT PREFLIGHT: the attachment must not pass the seed battery ===
uhi-energy-balance@v1            evaluable=True  verdict=fail
uhi-nocturnal-release@v1         evaluable=True  verdict=fail
uhi-cross-city-modulator@v1      evaluable=True  verdict=fail

supplement: experiments/2026-08-22-change-epoch3-second-lineage/supplement-nocturnal-collapse.md (1656 bytes)
passing the seed's subject predicates: none
control holds (not all three pass): True
[2026-08-23T18:35:41Z] SUPPLEMENT PREFLIGHT OK rc=0
[2026-08-23T18:35:41Z] === QUALIFY: production-contract doctor (concurrency=2) ===
[2026-08-23T18:37:57Z] QUALIFY OK rc=0
[2026-08-23T18:37:57Z] === REASON: run --budget cycles=4 --token-budget 400000 (single phase, R17) ===
[2026-08-23T18:46:58Z] PHASE 1 rc=4 -- see /home/user/DeepReason/experiments/2026-08-22-change-epoch3-second-lineage/phase1-reason.{log,stderr.log} (a non-zero rc here can still be a typed stop; audit before treating it as failure)
[2026-08-23T18:47:05Z] PHASE 1 stop_reason=operational_failure
[2026-08-23T18:47:05Z] AMEND DEFERRED: SECOND_LINEAGE=0 (operator R17) -- this attempt runs one phase and does not add the second lineage
[2026-08-23T18:47:05Z] AMENDABLE-LATER: stop_reason=operational_failure -- a resumable reason (converged|budget_exhausted) means a follow-up tranche can still add the second lineage to this root
[2026-08-23T18:47:05Z] === AUDIT: verify_root + findings + results + the reach census ===
root                         /home/user/DeepReason/experiments/2026-08-22-change-epoch3-second-lineage/run
recorded reach_set events    0
recorded addr pairs          0
recorded reach-provisional   0
  A-skip/status                      2
  A-skip/unaddr                      33
  E1 no-criteria                     1584
  E4 criterion-fail                  484
  addr_pairs                         24
  artifacts_candidate                22
  artifacts_total                    57
  commitments_registered             103
  gate/coverage-caps-at-provisional  484
  pairs                              2068
  problems_total                     95
  reached-verdict-gate               484

wrote /home/user/DeepReason/experiments/2026-08-22-live-reach-rich-run/reach-census.json
[2026-08-23T18:47:42Z] REACH CENSUS: zero reach_set events -- judge per PREREG_EPOCH3.md §5
[2026-08-23T18:47:42Z] === DONE: see /home/user/DeepReason/experiments/2026-08-22-change-epoch3-second-lineage/{phase1-reason.log,phase2-continue.log,verify_root.json,epoch3-reach-census.json,findings.json,results.txt} ===
