[2026-08-24T04:00:21Z] === SETUP: build_manifest_epoch3.py -> /home/user/DeepReason/experiments/2026-08-22-change-epoch3-second-lineage/run ===
{
  "attached_evidence_enabled": true,
  "compile_notices": [],
  "criteria": [
    "uhi-energy-balance@v1",
    "uhi-nocturnal-release@v1",
    "uhi-cross-city-modulator@v1"
  ],
  "evidence_dossier_digest": "9250d2a65525d09b209b60c348207b948a585f5b878eb1652ba9b68e6abaef95",
  "manifest_sha256": "bb0455384ea09b5b72664a4f6f3f0cb7a5ac227c00a93976e5c8c31873ca84f4",
  "problem_id": "question-4dd62735b90864a75220e09b302500bc",
  "run_input_digest": "84832aad24a47c15da7127c5588c37d7efc4ee8d246f2c441d48f780720fcae6"
}
[2026-08-24T04:00:22Z] SETUP OK rc=0
[2026-08-24T04:00:22Z] === PREFLIGHT: seeded criteria + discrimination ===
reasoning-envelope-wf            evaluable=True  on=fail     off=fail     discriminates=False
uhi-energy-balance@v1            evaluable=True  on=pass     off=fail     discriminates=True
uhi-nocturnal-release@v1         evaluable=True  on=pass     off=fail     discriminates=True
uhi-cross-city-modulator@v1      evaluable=True  on=pass     off=fail     discriminates=True

seeded criteria: ['reasoning-envelope-wf', 'uhi-energy-balance@v1', 'uhi-nocturnal-release@v1', 'uhi-cross-city-modulator@v1']
wrote /home/user/DeepReason/experiments/2026-08-22-live-reach-rich-run/preflight_seed.json
[2026-08-24T04:00:23Z] PREFLIGHT OK rc=0
[2026-08-24T04:00:23Z] === SUPPLEMENT PREFLIGHT: the attachment must not pass the seed battery ===
uhi-energy-balance@v1            evaluable=True  verdict=fail
uhi-nocturnal-release@v1         evaluable=True  verdict=fail
uhi-cross-city-modulator@v1      evaluable=True  verdict=fail

supplement: experiments/2026-08-22-change-epoch3-second-lineage/supplement-nocturnal-collapse.md (1656 bytes)
passing the seed's subject predicates: none
control holds (not all three pass): True
[2026-08-24T04:00:24Z] SUPPLEMENT PREFLIGHT OK rc=0
[2026-08-24T04:00:24Z] === QUALIFY: production-contract doctor (concurrency=2) ===
[2026-08-24T04:02:37Z] QUALIFY OK rc=0
[2026-08-24T04:02:37Z] === REASON: run --budget cycles=8 --token-budget 1200000 (single phase, R17) ===
[2026-08-24T04:30:38Z] PHASE 1 rc=0
[2026-08-24T04:30:56Z] PHASE 1 stop_reason=budget_exhausted
[2026-08-24T04:30:56Z] AMEND DEFERRED: SECOND_LINEAGE=0 (operator R17) -- this attempt runs one phase and does not add the second lineage
[2026-08-24T04:30:56Z] AMENDABLE-LATER: stop_reason=budget_exhausted -- a resumable reason (converged|budget_exhausted) means a follow-up tranche can still add the second lineage to this root
[2026-08-24T04:30:56Z] === AUDIT: verify_root + findings + results + the reach census ===
root                         /home/user/DeepReason/experiments/2026-08-22-change-epoch3-second-lineage/run
recorded reach_set events    1
recorded addr pairs          1
recorded reach-provisional   0
  A-skip/status                      26
  A-skip/unaddr                      128
  E1 no-criteria                     8618
  E3 no-novel                        1104
  E4 criterion-fail                  3235
  addr_pairs                         89
  artifacts_candidate                62
  artifacts_total                    216
  commitments_registered             271
  gate/coverage-caps-at-provisional  2116
  gate/coverage-would-allow-full     1119
  pairs                              12957
  problems_total                     210
  reached-verdict-gate               3235

wrote /home/user/DeepReason/experiments/2026-08-22-live-reach-rich-run/reach-census.json
[2026-08-24T04:32:38Z] REACH CENSUS: reach_set events > 0 -- SUCCESS by PREREG_EPOCH3.md §5
[2026-08-24T04:32:38Z] === DONE: see /home/user/DeepReason/experiments/2026-08-22-change-epoch3-second-lineage/{phase1-reason.log,phase2-continue.log,verify_root.json,epoch3-reach-census.json,findings.json,results.txt} ===
