[2026-08-23T10:22:22Z] === SETUP: build_manifest_epoch3.py -> /home/user/DeepReason/experiments/2026-08-22-change-epoch3-second-lineage/run ===
{
  "attached_evidence_enabled": true,
  "compile_notices": [],
  "criteria": [
    "uhi-energy-balance@v1",
    "uhi-nocturnal-release@v1",
    "uhi-cross-city-modulator@v1"
  ],
  "evidence_dossier_digest": "9250d2a65525d09b209b60c348207b948a585f5b878eb1652ba9b68e6abaef95",
  "manifest_sha256": "bb0455384ea09b5b72664a4f6f3f0cb7a5ac227c00a93976e5c8c31873ca84f4",
  "problem_id": "question-4dd62735b90864a75220e09b302500bc",
  "run_input_digest": "84832aad24a47c15da7127c5588c37d7efc4ee8d246f2c441d48f780720fcae6"
}
[2026-08-23T10:22:24Z] SETUP OK rc=0
[2026-08-23T10:22:24Z] === PREFLIGHT: seeded criteria + discrimination ===
reasoning-envelope-wf            evaluable=True  on=fail     off=fail     discriminates=False
uhi-energy-balance@v1            evaluable=True  on=pass     off=fail     discriminates=True
uhi-nocturnal-release@v1         evaluable=True  on=pass     off=fail     discriminates=True
uhi-cross-city-modulator@v1      evaluable=True  on=pass     off=fail     discriminates=True

seeded criteria: ['reasoning-envelope-wf', 'uhi-energy-balance@v1', 'uhi-nocturnal-release@v1', 'uhi-cross-city-modulator@v1']
wrote /home/user/DeepReason/experiments/2026-08-22-live-reach-rich-run/preflight_seed.json
[2026-08-23T10:22:25Z] PREFLIGHT OK rc=0
[2026-08-23T10:22:25Z] === SUPPLEMENT PREFLIGHT: the attachment must not pass the seed battery ===
uhi-energy-balance@v1            evaluable=True  verdict=fail
uhi-nocturnal-release@v1         evaluable=True  verdict=fail
uhi-cross-city-modulator@v1      evaluable=True  verdict=fail

supplement: experiments/2026-08-22-change-epoch3-second-lineage/supplement-nocturnal-collapse.md (1656 bytes)
passing the seed's subject predicates: none
control holds (not all three pass): True
[2026-08-23T10:22:26Z] SUPPLEMENT PREFLIGHT OK rc=0
[2026-08-23T10:22:26Z] === QUALIFY: production-contract doctor (concurrency=2) ===
[2026-08-23T10:23:21Z] QUALIFY OK rc=0
[2026-08-23T10:23:21Z] === PHASE 1: run --budget cycles=12 --token-budget 200000 ===
