survivors (62):
  dd15f0da59cb  inline:SRC_003 depends on an aggregation assumption, and it is refuted if noctur

# Theory: dd15f0da59cb

## dd15f0da59cb [unrefuted]

SRC_003 depends on an aggregation assumption, and it is refuted if nocturnal UHI variance scales strictly with sky view factor rather than absolute city size; this dependence suggests the thermal mass mechanism is necessary but not sufficient, while sky view factor controls the rate of heat release.

- attack surface: hv-floor@2a45b7988522, lineage-ref@41981e2f67d3, relation-form@578e42df713e
- refs: 0793267d0d4d (dependence), 443920d25c5e (dependence), a0bcfdcbf348 (dependence), bedef52c8e2a (dependence), fcf097549ad7 (dependence)
- status changed at seq: 1484

## 0793267d0d4d [unrefuted]

{"analogy":null,"claim":"The nocturnal UHI gap is dominated by the low emissivity of urban building materials, and cross-city variance is proportional to the prevalence of low-emissivity materials like metals and polished glass, which retain heat by suppressing effective longwave radiative cooling.","counterconditions":[{"case":"Emissivity measurements of standard urban materials (asphalt, concret

- attack surface: reasoning-envelope-wf, uhi-energy-balance@v1, uhi-nocturnal-release@v1, uhi-cross-city-modulator@v1, reason-counter@d9612eda2fdd8ed3b7b9d1ba, reason-counter@b089de3faf93f1c4f534e327, reason-counter@0e638831f38f4393723afc89, reason-counter@037dc790054dd34d5e08cd92
- refs: 443920d25c5e (mention), d6de55479e4f (mention)
- status changed at seq: 1231

## 443920d25c5e [unrefuted]

{"analogy":{"adopted_commitment_refs":[],"disanalogies":["A thermos is a closed, near-vacuum system preventing conduction and convection, whereas a street canyon is open to the atmosphere and dominated by radiative exchange.","The thermos interior is heated actively; the urban fabric stores passive solar energy during the day."],"overturn_conditions":["Empirical studies show sky view factor does n

- attack surface: reasoning-envelope-wf, uhi-energy-balance@v1, uhi-nocturnal-release@v1, uhi-cross-city-modulator@v1, reason-counter@c14f42e6c661db253fa340e9, reason-counter@275014c9cd026edcb7077ed7, reason-counter@b72ad8cbfc5455d78f09988a
- refs: ba687c5f145e (mention), 74fde5320d6c (mention)
- status changed at seq: 232

## a0bcfdcbf348 [unrefuted]

{"analogy":null,"claim":"The single mechanism that best explains both the nocturnal UHI and its cross-city variance is the reduction in effective sky view factor (SVF), which traps daytime sensible heat by impeding longwave radiative cooling to the sky; cities with deeper, denser street canyons experience a more pronounced nighttime temperature gap.","counterconditions":[{"case":"If a city has hig

- attack surface: reasoning-envelope-wf, uhi-energy-balance@v1, uhi-nocturnal-release@v1, uhi-cross-city-modulator@v1, reason-counter@43972957b85dcfbd31e8761a, reason-counter@8e01ff5a8b093f32ead1ba0f, reason-counter@934ddc3d14f473a25db94c6f
- refs: 1c3e7462492a (mention), 13f027942733 (mention), d6de55479e4f (mention)
- status changed at seq: 715

## bedef52c8e2a [unrefuted]

{"analogy":null,"claim":"The nocturnal UHI is primarily driven by the slow release of stored sensible heat from urban thermal mass, and the cross-city magnitude of this effect scales directly with city size because larger cities contain a greater absolute volume of heat-storing masonry and asphalt that intercepts daytime solar radiation.","counterconditions":[{"case":"If urban materials have high 

- attack surface: reasoning-envelope-wf, uhi-energy-balance@v1, uhi-nocturnal-release@v1, uhi-cross-city-modulator@v1, reason-counter@8ce2eecce94ff92147053f60, reason-counter@4ddc4d10d8f3f996bd2d52fe, reason-counter@5db83863eeaebee39e203320
- refs: 7ccc54392d07 (mention)
- status changed at seq: 1109

## fcf097549ad7 [unrefuted]

{"analogy":null,"claim":"The nocturnal UHI is driven by the slow release of daytime sensible heat stored in urban thermal mass, and the inter-city variance in this gap scales with sky view factor: deep street canyons and dense building arrays shrink the effective sky view, trapping longwave radiation and slowing nocturnal cooling, which makes the night-time temperature gap larger in denser cities.

- attack surface: reasoning-envelope-wf, uhi-energy-balance@v1, uhi-nocturnal-release@v1, uhi-cross-city-modulator@v1, reason-counter@09660a326699acf57da68820, reason-counter@0bfaab05ec76da5c7b833cc1, reason-counter@27b7bb53478dc9dbbcda75ed, reason-counter@4608041da427974799886c64
- refs: 07c58a1d6b34 (mention), 1c3e7462492a (mention), d6de55479e4f (mention)
- status changed at seq: 1231

## d6de55479e4f [unrefuted]

SRC_001 integrates the thermal-storage mechanism of SRC_003 with the sky-view-factor (SVF) trapping mechanism of SRC_005, proposing that nocturnal UHI is a coupled two-stage process: stored sensible heat release supplies the excess energy while low-SVF canyon geometry retards its radiative dissipation. This integrated claim is REFUTED IF the cross-city UHI magnitude can be fully predicted by eithe

- attack surface: hv-floor@2a45b7988522, lineage-ref@57ec2fbe75bc, relation-form@578e42df713e
- refs: 07c58a1d6b34 (dependence), 1c3e7462492a (dependence), 6ca2d62f843f (dependence), b89848282fdd (dependence), db454a40afd7 (dependence)
- status changed at seq: 479

## ba687c5f145e [unrefuted]

{"school_policy": {"school": "school-0", "stance": "mechanist"}}

- status changed at seq: 6

## 74fde5320d6c [unrefuted]

{"school_policy": {"school": "school-1", "stance": "skeptic"}}

- status changed at seq: 7

## 1c3e7462492a [unrefuted]

{"analogy":null,"claim":"The night-time UHI and its inter-city variance are primarily governed by the sky view factor (SVF): dense urban geometry traps longwave radiation in street canyons, slowing nocturnal cooling, and the effect is more pronounced in cities with deeper, denser building canyons.","counterconditions":[{"case":"If the night is cloudy, longwave radiation is absorbed and re-emitted 

- attack surface: reasoning-envelope-wf, uhi-energy-balance@v1, uhi-nocturnal-release@v1, uhi-cross-city-modulator@v1, reason-counter@b4650b6487ebfdabf238c653, reason-counter@55ce5948c0c11e80adabd3bf, reason-counter@0b13e1e585502f5006bc474b
- refs: ba687c5f145e (mention), 74fde5320d6c (mention)
- status changed at seq: 232

## 13f027942733 [unrefuted]

{"analogy":null,"claim":"The night-time UHI and its cross-city variance are governed by the sky view factor (SVF): deep street canyons and dense building arrays obstruct the view of the cold sky, trapping outgoing longwave radiation and slowing nocturnal cooling; the gap scales with building height and built density.","counterconditions":[{"case":"If the sky is overcast, longwave cooling is govern

- attack surface: reasoning-envelope-wf, uhi-energy-balance@v1, uhi-nocturnal-release@v1, uhi-cross-city-modulator@v1, reason-counter@0d062bf6c9a331a795a40943, reason-counter@b9956faf2c8e392de42b3673, reason-counter@87802feb9765ff0470fb070a
- refs: ba687c5f145e (mention), 30be11905db8 (mention)
- status changed at seq: 232

## 7ccc54392d07 [unrefuted]

{"analogy":null,"claim":"The nocturnal UHI is dominated by stored sensible heat: urban masonry and asphalt absorb daytime solar radiation and, having high thermal mass and heat capacity, release it slowly after sunset, keeping the city warmer than the countryside at night.","counterconditions":[{"case":"If rural areas have equivalent or greater thermal mass (e.g., exposed rock), the UHI gap shrink

- attack surface: reasoning-envelope-wf, uhi-energy-balance@v1, uhi-nocturnal-release@v1, uhi-cross-city-modulator@v1, reason-counter@a67fe57b959ea0dfd0f2646e, reason-counter@4766c2fc977501c058388788, reason-counter@98ef3f36c4731d67ec806088
- refs: 6ca2d62f843f (mention)
- status changed at seq: 648

## 07c58a1d6b34 [unrefuted]

{"analogy":null,"claim":"The night-time UHI is dominated by stored sensible heat: urban masonry and asphalt absorb daytime solar radiation and, having high thermal mass and heat capacity, release that stored energy as longwave radiation after sunset, slowing the urban cooling rate relative to the countryside. The cross-city magnitude of this gap scales with built density and impervious surface fra

- attack surface: reasoning-envelope-wf, uhi-energy-balance@v1, uhi-nocturnal-release@v1, uhi-cross-city-modulator@v1, reason-counter@912b4a464f75126838633f4a, reason-counter@dd42add59f1c394c0230ec1b, reason-counter@fc65cafdac1784a6d7f680b8, reason-counter@3fe3028902e6217f4989dec8
- status changed at seq: 232

## 6ca2d62f843f [unrefuted]

{"analogy":null,"claim":"The night-time UHI is dominated by stored sensible heat: urban masonry and asphalt absorb daytime solar radiation and, having high thermal mass and heat capacity, release it as longwave radiation and sensible heat after sunset, while the sky-view factor (SVF) of dense street canyons traps that longwave emission, slowing nocturnal cooling; cross-city, the gap scales with bu

- attack surface: reasoning-envelope-wf, uhi-energy-balance@v1, uhi-nocturnal-release@v1, uhi-cross-city-modulator@v1, reason-counter@169f87f0353505f8684f54af, reason-counter@f3ddf3d75acfd7d5225fc28f, reason-counter@e577f845efc474d4832ffa41, reason-counter@0cde3a6b45556678aca5f519
- status changed at seq: 36

## b89848282fdd [unrefuted]

{"analogy":null,"claim":"The nocturnal UHI and its cross-city variance are governed by the geometry of the urban canyon: deep, dense building arrays shrink the sky view factor, trapping longwave radiation and slowing radiative cooling, so cities with greater built density and taller street walls retain more daytime stored heat after sunset and cool more slowly.","counterconditions":[{"case":"If sk

- attack surface: reasoning-envelope-wf, uhi-energy-balance@v1, uhi-nocturnal-release@v1, uhi-cross-city-modulator@v1, reason-counter@be2f94c962edc6fcac5576bd, reason-counter@460352492b2c5fb5fdcb8110, reason-counter@d02c9d921589b921c1833b80, reason-counter@2483ef993efb9db98d44801f
- refs: ba687c5f145e (mention), 30be11905db8 (mention), 8929789f0ae1 (mention)
- status changed at seq: 232

## db454a40afd7 [unrefuted]

{"analogy":null,"claim":"The nocturnal UHI is governed by the suppression of evapotranspiration and latent heat loss. Impervious urban surfaces shed water rapidly, denying the surface the latent heat sink that vegetated countryside relies on. After sunset, the rural landscape continues to cool via evapotranspiration, while the dry city cannot. The single best cross-city predictor is the fraction o

- attack surface: reasoning-envelope-wf, uhi-energy-balance@v1, uhi-nocturnal-release@v1, uhi-cross-city-modulator@v1, reason-counter@de03e75a279051fede21045e, reason-counter@98a81ab4d483f9f5a8967d86, reason-counter@921df3cc3e41030a980b97a9
- refs: a76648a29356 (mention)
- status changed at seq: 100

## 30be11905db8 [unrefuted]

{"school_policy": {"school": "school-2", "stance": "unifier"}}

- status changed at seq: 8

## 8929789f0ae1 [unrefuted]

{"school_policy": {"school": "school-3", "stance": "empiric"}}

- status changed at seq: 9

## a76648a29356 [unrefuted]

{"analogy":null,"claim":"The night-time UHI arises from the reduction of evapotranspiration and latent heat loss in cities: impervious surfaces shed water, so after sunset urban materials can only cool via sensible and longwave pathways, whereas vegetated countryside cools efficiently through latent heat; the cross-city gap scales with the amount of green space and irrigation because vegetation re

- attack surface: reasoning-envelope-wf, uhi-energy-balance@v1, uhi-nocturnal-release@v1, uhi-cross-city-modulator@v1, reason-counter@89eaea85db2a6378d189f85a, reason-counter@cee3dcaf7510fd7439dcdbc8, reason-counter@ebc815ee07893102d98272ee
- status changed at seq: 36

