=== workshop ladder start 2026-08-02T22:56:28Z ===
Let's set DeepReason up (one time, ~30 seconds).


Done. Provider profile: /home/user/DeepReason/experiments/2026-08-02-stress-triplet/home-workshop/provider.yaml
Credential reference: OLLAMA_API_KEY (already available)

Provider configuration saved. Qualification remains an explicit action.
Next action: deepreason qualify
setup_rc=0
qualify_rc=0 qualify_seconds=329
preflight: 0 manifest(s) present pre-reason (expect 0; policy prints post-run)
reason_rc=1 reason_seconds=1
run_id= state=
=== workshop ladder end 2026-08-02T23:01:59Z ===
=== workshop ladder start 2026-08-02T23:02:53Z ===
Let's set DeepReason up (one time, ~30 seconds).


Done. Provider profile: /home/user/DeepReason/experiments/2026-08-02-stress-triplet/home-workshop/provider.yaml
Credential reference: OLLAMA_API_KEY (already available)

Provider configuration saved. Qualification remains an explicit action.
Next action: deepreason qualify
setup_rc=0
qualify_rc=0 qualify_seconds=199
preflight: 0 manifest(s) present pre-reason (expect 0; policy prints post-run)
reason_rc=0 reason_seconds=727
run_id=run-1a0d4168a446f052bc7ccc9aa20b9829 state=completed
audit_rc=0
=== workshop ladder end 2026-08-02T23:19:04Z ===
