=== 20b battery baseline start 2026-07-31T05:56:12Z ===
Let's set DeepReason up (one time, ~30 seconds).


Done. Provider profile: /home/user/DeepReason/experiments/live_20b_schema_2026-07-31/home/provider.yaml
Credential reference: OLLAMA_API_KEY (already available)

Provider configuration saved. Qualification remains an explicit action.
Next action: deepreason qualify
setup_rc=0
qualify_rc=0 qualify_seconds=643
=== 20b battery baseline end 2026-07-31T06:06:57Z ===
=== 20b battery after start 2026-07-31T06:24:57Z ===
Let's set DeepReason up (one time, ~30 seconds).


Done. Provider profile: /home/user/DeepReason/experiments/live_20b_schema_2026-07-31/home/provider.yaml
Credential reference: OLLAMA_API_KEY (already available)

Provider configuration saved. Qualification remains an explicit action.
Next action: deepreason qualify
setup_rc=0
qualify_rc=0 qualify_seconds=1
=== 20b battery after end 2026-07-31T06:24:59Z ===
=== 20b battery after2 start 2026-07-31T06:25:27Z ===
Let's set DeepReason up (one time, ~30 seconds).


Done. Provider profile: /home/user/DeepReason/experiments/live_20b_schema_2026-07-31/home/provider.yaml
Credential reference: OLLAMA_API_KEY (already available)

Provider configuration saved. Qualification remains an explicit action.
Next action: deepreason qualify
setup_rc=0
