[2026-08-26T20:08:21Z] === SETUP: build_manifest_pc2.py -> /home/user/DeepReason/experiments/2026-08-26-pc2-rematch/run ===
{
  "attached_evidence_enabled": false,
  "compile_notices": [],
  "criteria": [
    "frontier-wellformed@v1",
    "frontier-claim-honest@v1",
    "frontier-above-floor@v1"
  ],
  "discharge_policy_at_runtime": "discharge-required.v1",
  "discharge_policy_declared_in_yaml": "discharge-required.v1",
  "dossier_sources": 0,
  "judge_seats_enabled": false,
  "manifest_sha256": "957f4446dcc6d07a8114846ef5061858dcb3370ca35a990481bb045e9b52bd7e",
  "problem_id": "question-64b724c4118320989925d111501a8e41",
  "question_sha256": "64b724c4118320989925d111501a8e41cd4518d9b631bb81a6ae048d3cfb5c7e",
  "run_input_digest": "637257738826368d924a556632ebcaf3d57eca35574eeee7e74aca5e7a8a9cd3"
}
[2026-08-26T20:08:22Z] SETUP OK rc=0
[2026-08-26T20:08:22Z] === PREFLIGHT: criteria discrimination + malformed-predicate guard ===
== 1. every predicate is sandbox-legal ==
  SAFE  frontier-wellformed@v1
  SAFE  frontier-claim-honest@v1
  SAFE  frontier-above-floor@v1
  SAFE  criteria.py and checker.py share the same wire regexes

== 2. the S4 mutation table, through programs.evaluate ==
  M1 known-good construction                 wellformed=pass claim=pass floor=pass   OK
  M9 JSON envelope, escaped newlines         wellformed=pass claim=pass floor=pass   OK
  M2 planted overlap (duplicate point)       wellformed=fail claim=fail floor=fail   OK
  M3 inflated claim (-> 0.9)                 wellformed=pass claim=fail floor=pass   OK
  M4 point outside the square                wellformed=fail claim=fail floor=fail   OK
  M5 twelve points, not thirteen             wellformed=fail claim=fail floor=fail   OK
  M6 no CLAIM line                           wellformed=pass claim=fail floor=pass   OK
  M7 collinear triple (valid, worthless)     wellformed=pass claim=pass floor=fail   OK
  M8 honest under-claim                      wellformed=pass claim=pass floor=pass   OK

== 3. float-vs-exact agreement (SPEC S3's declared A10 bound) ==
  20000 configurations at the 6-dp grid
  max |exact - float| = 9.459663954936e-17   bound 1e-12   OK

== 4. discrimination controls ==
  prose with no construction              {'wellformed': 'fail', 'claim-honest': 'fail', 'above-floor': 'fail'}   OK
  random configuration (seeded)           {'wellformed': 'pass', 'claim-honest': 'pass', 'above-floor': 'fail'}   OK
  the plain circle of 13                  {'wellformed': 'pass', 'claim-honest': 'pass', 'above-floor': 'pass'}   OK

PREFLIGHT OK -- the battery discriminates and no predicate is malformed
[2026-08-26T20:09:39Z] PREFLIGHT OK rc=0
[2026-08-26T20:09:39Z] === PREFLIGHT: question frozen, one-field delta, CHANNEL LIVE, manifest delta accounted ===
[OK ] S1-question-frozen: question_sha256=64b724c4118320989925d111501a8e41cd4518d9b631bb81a6ae048d3cfb5c7e (PREREG §2 froze 64b724c4118320989925d111501a8e41cd4518d9b631bb81a6ae048d3cfb5c7e)
[OK ] S2-one-field-only: fields differing from P-C1's config: ['DISCHARGE_POLICY']; DISCHARGE_POLICY='discharge-required.v1'
[OK ] S3-discharge-channel-live-at-runtime: runtime DISCHARGE_POLICY='discharge-required.v1' enabled=True reask='once' handles_n=8 (deviation D1 absent would read 'off' here)
[OK ] S4-manifest-delta-accounted: accounted: 6 policy leaf/leaves + ['inquiry_capability_policy', 'run_input_digest']; unexplained: none

PREFLIGHT OK: all four P-C2-specific checks hold
[2026-08-26T20:09:41Z] P-C2 PREFLIGHT OK rc=0
[2026-08-26T20:09:41Z] === PREFLIGHT: the checker's own mutation table ===
=== RED: one guard disabled at a time, the mutation must SLIP THROUGH ===
  M2 planted overlap (duplicate point)       guard off -> code=CLAIM_INFLATED           SLIPPED (as required)
  M3 inflated claim (-> 0.9)                 guard off -> code=None                     SLIPPED (as required)
  M4 point outside the square                guard off -> code=CLAIM_INFLATED           SLIPPED (as required)
  M5 twelve points, not thirteen             guard off -> code=DUPLICATE_POINT          SLIPPED (as required)
  M6 no CLAIM line                           guard off -> code=RAISED TypeError         SLIPPED (as required)

=== GREEN: the unmodified checker must CATCH every one ===
  M1 known-good construction                 valid=True  code=None             score=0.013307680842   OK
  M9 JSON envelope, escaped newlines         valid=True  code=None             score=0.013307680842   OK
  M2 planted overlap (duplicate point)       valid=False code=DUPLICATE_POINT  score=None   OK
  M3 inflated claim (-> 0.9)                 valid=False code=CLAIM_INFLATED   score=0.013307680842   OK
  M4 point outside the square                valid=False code=OUT_OF_SQUARE    score=None   OK
  M5 twelve points, not thirteen             valid=False code=WRONG_COUNT      score=None   OK
  M6 no CLAIM line                           valid=False code=NO_CLAIM         score=None   OK
  M7 collinear triple (valid, worthless)     valid=True  code=None             score=0.0   OK
  M8 honest under-claim                      valid=True  code=None             score=0.013307680842   OK

RED 5/5 slipped through their disabled guards; GREEN 9/9 correct.
[2026-08-26T20:09:41Z] CHECKER OK rc=0
[2026-08-26T20:09:41Z] === PREFLIGHT: the seat model exists in the live catalogue ===
ok  argumentative_critic   seat 0  glm-5.2
ok  conjecturer            seat 0  glm-5.2
ok  defender               seat 0  glm-5.2
ok  grounding_reviewer     seat 0  glm-5.2
ok  judge                  seat 0  glm-5.2
ok  property_designer      seat 0  glm-5.2
ok  summarizer             seat 0  glm-5.2
ok  synthesizer            seat 0  glm-5.2
ok  thesis                 seat 0  glm-5.2
ok  variator               seat 0  glm-5.2
ok  vision_critic          seat 0  glm-5.2

catalogue lists 20 models; this config names 1 distinct
every seat's model is listed
[2026-08-26T20:09:41Z] MODEL PREFLIGHT OK rc=0
[2026-08-26T20:09:41Z] === QUALIFY: production-contract doctor (concurrency=2) ===
[2026-08-26T20:13:05Z] QUALIFY OK rc=0
[2026-08-26T20:13:05Z] === REASON: run --budget cycles=24 --token-budget 3000000 ===
[2026-08-26T21:25:52Z] REASON rc=4 -- see /home/user/DeepReason/experiments/2026-08-26-pc2-rematch/reason.{log,stderr.log} (a non-zero rc here can still be a typed stop; audit before treating it as failure)
[2026-08-26T21:30:44Z] ARM S2 budget from ARM H2's measured spend: 1193009
[2026-08-26T21:30:44Z] === ARM S2: python arm_s.py --token-budget 1193009 --out /home/user/DeepReason/experiments/2026-08-26-pc2-rematch/arm_s2 ===
[2026-08-26T22:11:48Z] === ARM H3 (config run-config-h3.yaml) ===
[2026-08-26T22:11:48Z] === SETUP: build_manifest_pc2.py -> /home/user/DeepReason/experiments/2026-08-26-pc2-rematch/.dry-run-root ===
{
  "attached_evidence_enabled": false,
  "compile_notices": [],
  "criteria": [
    "frontier-wellformed@v1",
    "frontier-claim-honest@v1",
    "frontier-above-floor@v1"
  ],
  "discharge_policy_at_runtime": "discharge-required.v1",
  "discharge_policy_declared_in_yaml": "discharge-required.v1",
  "dossier_sources": 0,
  "judge_seats_enabled": false,
  "manifest_sha256": "58fb0d20488be86939e4d8d7488bffb71e1e905e3995da146482a9280383a562",
  "problem_id": "question-64b724c4118320989925d111501a8e41",
  "question_sha256": "64b724c4118320989925d111501a8e41cd4518d9b631bb81a6ae048d3cfb5c7e",
  "run_input_digest": "637257738826368d924a556632ebcaf3d57eca35574eeee7e74aca5e7a8a9cd3"
}
[2026-08-26T22:11:49Z] SETUP OK rc=0
[2026-08-26T22:11:49Z] === PREFLIGHT: criteria discrimination + malformed-predicate guard ===
== 1. every predicate is sandbox-legal ==
  SAFE  frontier-wellformed@v1
  SAFE  frontier-claim-honest@v1
  SAFE  frontier-above-floor@v1
  SAFE  criteria.py and checker.py share the same wire regexes

== 2. the S4 mutation table, through programs.evaluate ==
  M1 known-good construction                 wellformed=pass claim=pass floor=pass   OK
  M9 JSON envelope, escaped newlines         wellformed=pass claim=pass floor=pass   OK
  M2 planted overlap (duplicate point)       wellformed=fail claim=fail floor=fail   OK
  M3 inflated claim (-> 0.9)                 wellformed=pass claim=fail floor=pass   OK
  M4 point outside the square                wellformed=fail claim=fail floor=fail   OK
  M5 twelve points, not thirteen             wellformed=fail claim=fail floor=fail   OK
  M6 no CLAIM line                           wellformed=pass claim=fail floor=pass   OK
  M7 collinear triple (valid, worthless)     wellformed=pass claim=pass floor=fail   OK
  M8 honest under-claim                      wellformed=pass claim=pass floor=pass   OK

== 3. float-vs-exact agreement (SPEC S3's declared A10 bound) ==
  20000 configurations at the 6-dp grid
  max |exact - float| = 9.459663954936e-17   bound 1e-12   OK

== 4. discrimination controls ==
  prose with no construction              {'wellformed': 'fail', 'claim-honest': 'fail', 'above-floor': 'fail'}   OK
  random configuration (seeded)           {'wellformed': 'pass', 'claim-honest': 'pass', 'above-floor': 'fail'}   OK
  the plain circle of 13                  {'wellformed': 'pass', 'claim-honest': 'pass', 'above-floor': 'pass'}   OK

PREFLIGHT OK -- the battery discriminates and no predicate is malformed
[2026-08-26T22:13:06Z] PREFLIGHT OK rc=0
[2026-08-26T22:13:06Z] === PREFLIGHT: question frozen, one-field delta, CHANNEL LIVE, manifest delta accounted ===
[OK ] S1-question-frozen: question_sha256=64b724c4118320989925d111501a8e41cd4518d9b631bb81a6ae048d3cfb5c7e (PREREG §2 froze 64b724c4118320989925d111501a8e41cd4518d9b631bb81a6ae048d3cfb5c7e)
[OK ] S2-registered-delta-only: ARM H3 via run-config-h3.yaml: fields differing from P-C1's config: ['DISCHARGE_POLICY', 'roles']; expected ['DISCHARGE_POLICY', 'roles'] with the ONLY seat-level delta being `reasoning` REMOVED; seat delta=['reasoning'], reasoning absent on every seat=True; DISCHARGE_POLICY='discharge-required.v1'
[OK ] S3-discharge-channel-live-at-runtime: runtime DISCHARGE_POLICY='discharge-required.v1' enabled=True reask='once' handles_n=8 (deviation D1 absent would read 'off' here)
[OK ] S5-thinking-ON-at-runtime: 11 seats; request-body reasoning field per seat: ['{}'] (an empty body = no reasoning_effort sent = the model thinks)
[OK ] S4-manifest-delta-accounted: accounted: 6 policy leaf/leaves + ['inquiry_capability_policy', 'run_input_digest']; unexplained: none

PREFLIGHT OK: all four P-C2-specific checks hold
[2026-08-26T22:13:07Z] P-C2 PREFLIGHT OK rc=0
[2026-08-26T22:13:07Z] === PREFLIGHT: the checker's own mutation table ===
=== RED: one guard disabled at a time, the mutation must SLIP THROUGH ===
  M2 planted overlap (duplicate point)       guard off -> code=CLAIM_INFLATED           SLIPPED (as required)
  M3 inflated claim (-> 0.9)                 guard off -> code=None                     SLIPPED (as required)
  M4 point outside the square                guard off -> code=CLAIM_INFLATED           SLIPPED (as required)
  M5 twelve points, not thirteen             guard off -> code=DUPLICATE_POINT          SLIPPED (as required)
  M6 no CLAIM line                           guard off -> code=RAISED TypeError         SLIPPED (as required)

=== GREEN: the unmodified checker must CATCH every one ===
  M1 known-good construction                 valid=True  code=None             score=0.013307680842   OK
  M9 JSON envelope, escaped newlines         valid=True  code=None             score=0.013307680842   OK
  M2 planted overlap (duplicate point)       valid=False code=DUPLICATE_POINT  score=None   OK
  M3 inflated claim (-> 0.9)                 valid=False code=CLAIM_INFLATED   score=0.013307680842   OK
  M4 point outside the square                valid=False code=OUT_OF_SQUARE    score=None   OK
  M5 twelve points, not thirteen             valid=False code=WRONG_COUNT      score=None   OK
  M6 no CLAIM line                           valid=False code=NO_CLAIM         score=None   OK
  M7 collinear triple (valid, worthless)     valid=True  code=None             score=0.0   OK
  M8 honest under-claim                      valid=True  code=None             score=0.013307680842   OK

RED 5/5 slipped through their disabled guards; GREEN 9/9 correct.
[2026-08-26T22:13:07Z] CHECKER OK rc=0
[2026-08-26T22:13:07Z] === PREFLIGHT: the seat model exists in the live catalogue ===
ok  argumentative_critic   seat 0  glm-5.2
ok  conjecturer            seat 0  glm-5.2
ok  defender               seat 0  glm-5.2
ok  grounding_reviewer     seat 0  glm-5.2
ok  judge                  seat 0  glm-5.2
ok  property_designer      seat 0  glm-5.2
ok  summarizer             seat 0  glm-5.2
ok  synthesizer            seat 0  glm-5.2
ok  thesis                 seat 0  glm-5.2
ok  variator               seat 0  glm-5.2
ok  vision_critic          seat 0  glm-5.2

catalogue lists 20 models; this config names 1 distinct
every seat's model is listed
[2026-08-26T22:13:08Z] MODEL PREFLIGHT OK rc=0
[2026-08-26T22:13:08Z] DRY RUN: stopping before qualify -- no provider call made, rehearsal root removed, rc=0
