FFsFFFFF                                                                 [100%]
=================================== FAILURES ===================================
___________ test_reason_forwards_the_operator_config_to_preparation ____________

tmp_path = PosixPath('/tmp/pytest-of-root/pytest-2117/test_reason_forwards_the_opera0')
monkeypatch = <_pytest.monkeypatch.MonkeyPatch object at 0x7fe96bafc950>

    def test_reason_forwards_the_operator_config_to_preparation(tmp_path, monkeypatch):
        """`deepreason --config FILE reason Q` must let FILE reach preparation.
    
        Deliberately neutral about HOW: the assertion is satisfied by forwarding
        the path, or the loaded Config, or anything carrying the operator's value.
        It fails only if NOTHING about FILE reaches the preparation service, which
        is the state of the tree today.
        """
        config_path = tmp_path / "run-config.yaml"
        config_path.write_text(OPERATOR_YAML)
    
        seen: dict[str, object] = {}
    
        class _Stop(Exception):
            pass
    
        class _CapturingService:
            def __init__(self, *args, **kwargs):
                seen["init_args"] = args
                seen["init_kwargs"] = kwargs
    
            def prepare(self, request, *args, **kwargs):
                seen["request"] = request
                seen["prepare_args"] = args
                seen["prepare_kwargs"] = kwargs
                raise _Stop()
    
        monkeypatch.setattr(preparation, "RunPreparationService", _CapturingService)
        monkeypatch.setattr(
            "deepreason.cli.main._reasoning_disabled_refusal", lambda _profile: None
        )
    
        args = build_parser().parse_args(
            ["--config", str(config_path), "reason", "Why is the sky blue?"]
        )
        assert args.config == str(config_path), "the global --config flag must parse"
    
        with pytest.raises(_Stop):
            _cmd_reason(args)
    
        forwarded = repr(seen)
>       assert str(config_path) in forwarded or "JUDGE_SEATS_ENABLED" in forwarded, (
            "deepreason reason discards --config: nothing about the operator's "
            f"configuration file reached RunPreparationService. Captured: {forwarded}"
        )
E       AssertionError: deepreason reason discards --config: nothing about the operator's configuration file reached RunPreparationService. Captured: {'init_args': (), 'init_kwargs': {}, 'request': RunPreparationRequestV1(schema_='deepreason-run-preparation-request.v1', question='Why is the sky blue?', budget=RunBudgetIntentV1(cycles=6, token_budget=100000), profile_path=None, managed_run_id=None, dossier_digest=None), 'prepare_args': (), 'prepare_kwargs': {}}
E       assert ('/tmp/pytest-of-root/pytest-2117/test_reason_forwards_the_opera0/run-config.yaml' in "{'init_args': (), 'init_kwargs': {}, 'request': RunPreparationRequestV1(schema_='deepreason-run-preparation-request.v...udget=100000), profile_path=None, managed_run_id=None, dossier_digest=None), 'prepare_args': (), 'prepare_kwargs': {}}" or 'JUDGE_SEATS_ENABLED' in "{'init_args': (), 'init_kwargs': {}, 'request': RunPreparationRequestV1(schema_='deepreason-run-preparation-request.v...udget=100000), profile_path=None, managed_run_id=None, dossier_digest=None), 'prepare_args': (), 'prepare_kwargs': {}}")
E        +  where '/tmp/pytest-of-root/pytest-2117/test_reason_forwards_the_opera0/run-config.yaml' = str(PosixPath('/tmp/pytest-of-root/pytest-2117/test_reason_forwards_the_opera0/run-config.yaml'))

tests/test_managed_path_config_read.py:142: AssertionError
______ test_managed_manifest_carries_or_discloses_every_operator_setting _______

profile = ProviderProfileV1(schema_='deepreason-provider-profile.v1', profile_digest='1e9efe7c053041ede690a4d969c209cea05b65ae8d...asoning=None, output_mode='json_object', output_mechanism='json_text', temperature=None, timeout_s=120, logprobs=False)
operator = Config(engine_profile='full', model_profile='standard', scratchpad=ScratchpadConfig(enabled=False, max_blocks_per_pack..., PACK_TOKEN_BUDGET=2500, RETRY_MAX=2, SPLIT_BUDGET_SEAT_PROTOCOL='auto', SPLIT_BUDGET_EXTRACTION_TOKENS=512, roles={})

    def _managed_manifest(profile, operator: Config | None):
        """Prepare the MANAGED manifest, optionally under the operator's Config.
    
        THE ONE FIX-SHAPE ASSUMPTION IN THIS FILE, stated so a fix that chooses a
        different route updates one helper instead of three tests: the managed
        manifest builder must be able to be GIVEN the operator's configuration.
        Whether the route is a `Config` object, a path, or a field on
        `RunPreparationRequestV1` is the fix's business; that some route exists is
        the defect.
        """
        if operator is None:
            return build_preparation_manifest(
                profile, question="Why is the sky blue?", compiled_at=STAMP
            )
        try:
>           return build_preparation_manifest(
                profile,
                question="Why is the sky blue?",
                compiled_at=STAMP,
                config=operator,
            )
E           TypeError: build_preparation_manifest() got an unexpected keyword argument 'config'

tests/test_managed_path_config_read.py:88: TypeError

During handling of the above exception, another exception occurred:

tmp_path = PosixPath('/tmp/pytest-of-root/pytest-2117/test_managed_manifest_carries_0')

    def test_managed_manifest_carries_or_discloses_every_operator_setting(tmp_path):
        """Field by field: carried into the run, OR disclosed as not carried.
    
        This is GOAL.md's success criterion verbatim, and it is the disjunction the
        2026-08-28 operator law requires -- a gate is either on because the
        configuration turned it on, or the record says why it is not.
        """
        config_path = tmp_path / "run-config.yaml"
        config_path.write_text(OPERATOR_YAML)
        operator = load_config(config_path)
    
        default = Config()
        configured = {
            name: getattr(operator, name)
            for name in type(default).model_fields
            if getattr(operator, name) != getattr(default, name)
        }
        assert configured, "the fixture must set something away from its default"
    
        profile = _profile()
>       manifest = _managed_manifest(profile, operator)
                   ^^^^^^^^^^^^^^^^^^^^^^^^^^^^^^^^^^^^

tests/test_managed_path_config_read.py:168: 
_ _ _ _ _ _ _ _ _ _ _ _ _ _ _ _ _ _ _ _ _ _ _ _ _ _ _ _ _ _ _ _ _ _ _ _ _ _ _ _ 

profile = ProviderProfileV1(schema_='deepreason-provider-profile.v1', profile_digest='1e9efe7c053041ede690a4d969c209cea05b65ae8d...asoning=None, output_mode='json_object', output_mechanism='json_text', temperature=None, timeout_s=120, logprobs=False)
operator = Config(engine_profile='full', model_profile='standard', scratchpad=ScratchpadConfig(enabled=False, max_blocks_per_pack..., PACK_TOKEN_BUDGET=2500, RETRY_MAX=2, SPLIT_BUDGET_SEAT_PROTOCOL='auto', SPLIT_BUDGET_EXTRACTION_TOKENS=512, roles={})

    def _managed_manifest(profile, operator: Config | None):
        """Prepare the MANAGED manifest, optionally under the operator's Config.
    
        THE ONE FIX-SHAPE ASSUMPTION IN THIS FILE, stated so a fix that chooses a
        different route updates one helper instead of three tests: the managed
        manifest builder must be able to be GIVEN the operator's configuration.
        Whether the route is a `Config` object, a path, or a field on
        `RunPreparationRequestV1` is the fix's business; that some route exists is
        the defect.
        """
        if operator is None:
            return build_preparation_manifest(
                profile, question="Why is the sky blue?", compiled_at=STAMP
            )
        try:
            return build_preparation_manifest(
                profile,
                question="Why is the sky blue?",
                compiled_at=STAMP,
                config=operator,
            )
        except TypeError as error:
>           pytest.fail(
                "MANAGED PATH HAS NO CONFIGURATION INPUT: build_preparation_manifest "
                f"cannot be given the operator's Config at all -- {error}"
            )
E           Failed: MANAGED PATH HAS NO CONFIGURATION INPUT: build_preparation_manifest cannot be given the operator's Config at all -- build_preparation_manifest() got an unexpected keyword argument 'config'

tests/test_managed_path_config_read.py:95: Failed
_____ test_qualify_and_reason_agree_on_the_subject_for_every_configuration _____

    def test_qualify_and_reason_agree_on_the_subject_for_every_configuration():
        """ARCHITECTURE TEST (modularity law, 2026-08-26): one configuration door.
    
        `deepreason qualify` warms a subject; `deepreason reason` needs one. If the
        two builders can diverge on what a configuration means, a configured run is
        unqualifiable -- the operations-parity failure of 2026-08-13. This goes RED
        the moment either consumer stops going through the same `config=` door.
        """
        profile = _profile()
        cases: list[tuple[str, Config | None]] = [("<defaults>", None)]
        cases.extend((str(path.parent.name), load_config(path)) for path in _committed_configs())
    
        disagreed = []
        for label, operator in cases:
            qualify_subject = qualification_subject_digest(
>               qualification_subject_manifest(profile, config=operator), profile
                ^^^^^^^^^^^^^^^^^^^^^^^^^^^^^^^^^^^^^^^^^^^^^^^^^^^^^^^^
            )
E           TypeError: qualification_subject_manifest() got an unexpected keyword argument 'config'

tests/test_managed_path_config_read.py:283: TypeError
________ test_a_configured_run_is_refused_nowhere_a_default_run_starts _________

tmp_path = PosixPath('/tmp/pytest-of-root/pytest-2117/test_a_configured_run_is_refus0')

    def test_a_configured_run_is_refused_nowhere_a_default_run_starts(tmp_path):
        """The operational consequence of the test above, measured end to end.
    
        probe/lifecycle_gap.out recorded 8 of 8 committed configurations REFUSED
        QUALIFICATION_NOT_CONFIGURED on a home that had fully qualified, with no
        committed command able to clear the refusal. Seed the cache the way
        `deepreason qualify --config F` would, then prepare the way
        `deepreason reason --config F` would: it must start.
        """
        profile = _profile()
        cases: list[tuple[str, Config | None]] = [("<defaults>", None)]
        cases.extend((str(path.parent.name), load_config(path)) for path in _committed_configs())
    
        refused = []
        for label, operator in cases:
            cache = tmp_path / f"cache-{abs(hash(label))}"
            resolve_completed_qualification(
>               qualification_subject_manifest(profile, config=operator),
                ^^^^^^^^^^^^^^^^^^^^^^^^^^^^^^^^^^^^^^^^^^^^^^^^^^^^^^^^
                profile,
                cache_dir=cache,
                executor=_passing_battery,
            )
E           TypeError: qualification_subject_manifest() got an unexpected keyword argument 'config'

tests/test_managed_path_config_read.py:321: TypeError
__________________ test_run_identity_covers_the_configuration __________________

tmp_path = PosixPath('/tmp/pytest-of-root/pytest-2117/test_run_identity_covers_the_c0')

    def test_run_identity_covers_the_configuration(tmp_path):
        """Two configurations of one question are two runs, not one refused run.
    
        Both directions in one test, because both mutations are real: omitting the
        configuration from the request digest collides the two ids (the second run
        is refused RUN_ALREADY_STARTED against the first's root), and admitting it
        UNCONDITIONALLY moves every historical question-only run id.
        """
        profile = _profile()
        question = "Why is the sky blue?"
    
        question_only = RunPreparationRequestV1(question=question)
        assert _request_digest(question_only, profile) == QUESTION_ONLY_REQUEST_DIGEST, (
            "a question-only request digest moved: every historical managed run id "
            "is derived from it"
        )
        assert (
>           _request_digest(question_only, profile, config=None)
            == QUESTION_ONLY_REQUEST_DIGEST
        ), "an ABSENT configuration must contribute nothing to run identity"
E       TypeError: _request_digest() got an unexpected keyword argument 'config'

tests/test_managed_path_config_read.py:360: TypeError
_________ test_the_provider_profile_owns_routes_under_a_configured_run _________

    def test_the_provider_profile_owns_routes_under_a_configured_run():
        """The deterministic resolution rule, in the one place it must not slip.
    
        A configuration file may not redirect a managed run to an arbitrary
        endpoint: the provider profile holds the credential and the seat-binding
        mechanism owns per-role divergence. The rule is a resolution, never a
        refusal (all-configurations law, 2026-08-12) -- the file still compiles.
        """
        profile = _profile()
        other = _distinct_profile()
        hijack = Config(
            roles={role: dict(other.endpoint_spec()) for role in V3_CANONICAL_ROLES}
        )
    
        baseline = build_preparation_manifest(
            profile, question="Why is the sky blue?", compiled_at=STAMP
        )
>       configured = build_preparation_manifest(
            profile, question="Why is the sky blue?", compiled_at=STAMP, config=hijack
        )
E       TypeError: build_preparation_manifest() got an unexpected keyword argument 'config'

tests/test_managed_path_config_read.py:409: TypeError
________________ test_a_configured_school_seat_opt_in_compiles _________________

    def test_a_configured_school_seat_opt_in_compiles():
        """probe/school_seat_deadlock.out: `--school-seat` was unreachable, always.
    
        `_config_for_profile` synthesised SCHOOL_SEATS_ENABLED=False for every
        provider profile, so the gate refused for all of them -- while the shipped
        `--school-seat` help text says the master gate "is still set via --config",
        the file that was never read. A flag that gates a seat-configuration path
        and cannot be turned on is the sharpest form of the 2026-08-28 law's
        violation.
        """
        profile = _profile()
        distinct = _distinct_profile()
    
        # Control: the gate still refuses typed when nothing turned it on.
        with pytest.raises(RunManifestError, match="SCHOOL_SEATS_DISABLED"):
            build_preparation_manifest(
                profile,
                question="Why is the sky blue?",
                compiled_at=STAMP,
                school_seats={"school-1": distinct},
            )
    
>       manifest = build_preparation_manifest(
            profile,
            question="Why is the sky blue?",
            compiled_at=STAMP,
            school_seats={"school-1": distinct},
            config=Config(SCHOOL_SEATS_ENABLED=True),
        )
E       TypeError: build_preparation_manifest() got an unexpected keyword argument 'config'

tests/test_managed_path_config_read.py:447: TypeError
=========================== short test summary info ============================
FAILED tests/test_managed_path_config_read.py::test_reason_forwards_the_operator_config_to_preparation
FAILED tests/test_managed_path_config_read.py::test_managed_manifest_carries_or_discloses_every_operator_setting
FAILED tests/test_managed_path_config_read.py::test_qualify_and_reason_agree_on_the_subject_for_every_configuration
FAILED tests/test_managed_path_config_read.py::test_a_configured_run_is_refused_nowhere_a_default_run_starts
FAILED tests/test_managed_path_config_read.py::test_run_identity_covers_the_configuration
FAILED tests/test_managed_path_config_read.py::test_the_provider_profile_owns_routes_under_a_configured_run
FAILED tests/test_managed_path_config_read.py::test_a_configured_school_seat_opt_in_compiles
7 failed, 1 skipped in 0.44s
