[soak] stub provider on 127.0.0.1:39593 (reused from wheel_operational_smoke)
[soak] working directory /tmp/cycle-soak-1z9eqb01
[soak] built root: manifest 69638d3bd39e0f23…  criteria ['uhi-energy-balance@v1', 'uhi-nocturnal-release@v1', 'uhi-cross-city-modulator@v1']
[soak] qualified in 4.2s
[soak] driving 8 cycles …
Fetching 5 files:   0%|          | 0/5 [00:00<?, ?it/s]Warning: You are sending unauthenticated requests to the HF Hub. Please set a HF_TOKEN to enable higher rate limits and faster downloads.
Fetching 5 files:  20%|██        | 1/5 [00:00<00:00,  8.22it/s]Fetching 5 files:  80%|████████  | 4/5 [00:00<00:00, 16.29it/s]Fetching 5 files: 100%|██████████| 5/5 [00:05<00:00,  1.06s/it]

========================================================================
CYCLE SOAK -- case reach-rich
========================================================================
  manifest sha256        69638d3bd39e0f238ce67ab9beb2b57f10369b48f9bde2cece5bc802796b793e
  criteria               uhi-energy-balance@v1, uhi-nocturnal-release@v1, uhi-cross-city-modulator@v1
  attached evidence      False
  cycles requested       8
  qualification          rc=0 (4.2s)
  drive                  320.1s, 11 progress events

-- S1 run assertions ---------------------------------------------------
  [PASS] A1-typed-terminal            state='completed' stop_reason='budget_exhausted' typed_error=None
  [PASS] A2-no-operational-failure    stop_reason='budget_exhausted'
  [PASS] A3-verify-root-clean         0 violation(s)
  [PASS] A4-cycles-reached            reached cycle 8 of 8 requested; the deepest recorded death was cycle 2
  [PASS] A7-record-fully-read         0 record(s) under objects/ could not be parsed by this instrument's own readers
  [N/A ] A5-in-run-checker-fired      not carried by case reach-rich -- only pc2, pc2b arm the in-run checker
  [N/A ] A6-discharge-channel-carried-them not carried by case reach-rich -- only pc2, pc2b arm the in-run checker
  ** 7 assertions declared, 5 EVALUATED, 2 not applicable to this case -- a green exit describes the 5 that ran, never the 7

-- S2/S4 seam coverage -------------------------------------------------
  [PART] D1-seat-contract         seat contracts with repairs
         reason: seat contracts exercised, but zero repair tasks recorded: an un-induced stub always returns a schema-valid response, so no repair is ever requested. Re-run with --induce-repairs N (and --induce-repair-kind unparseable, or alternate, to reach whole_object_syntax as well as patch)
         reached: {'workflow-contract-decomposition-transition-v1': 0, 'workflow-provider-attempt-v1': 63}
  [PASS] D2-route-lease           lease-checked routes with tuning
         reached: {'workflow-provider-attempt-v1': 63}
  [PASS] D3-budget-auth           budget authorization
         reached: {'workflow-dispatch-authorization-v1': 63}
  [PASS] D4-reservation-bound     reservation/dispatch bounds
         reached: {'workflow-token-reservation-v2': 63}

-- record census -------------------------------------------------------
      16  artifact
       5  commitment
       1  problem
       3  warrant
      63  workflow-context-exposure-v2
      63  workflow-context-pack-plan-v1
      63  workflow-context-section-plan-v1
      63  workflow-dispatch-authorization-v1
       1  workflow-lifecycle-decision
       1  workflow-lifecycle-snapshot
       1  workflow-model-classification-binding-v1
      63  workflow-provider-attempt-v1
       1  workflow-route-seat-model-classification-plan-v1
       1  workflow-run-terminal-commitment-v1
       1  workflow-run-terminal-result-draft-v1
      32  workflow-semantic-admission-v1
       1  workflow-stop-metrics-observation
      63  workflow-token-reservation-v2
     253  workflow-work-lifecycle-transition-v1
      63  workflow-work-preparation-v1
      32  workflow-work-terminal-v1

[soak] report /tmp/cycle-soak-1z9eqb01/soak-report.json
[soak] exit 0 (clean)
