=== FAN-IN GATE: session branch 85e288224 ===
2026-08-29 12:16:53 start

--- collect-only ---
tests/test_zz_cyc.py::test_c

4458 tests collected in 1.99s

--- full gate ---
........................................................................ [ 90%]
........................................................................ [ 92%]
........................................................................ [ 93%]
........................................................................ [ 95%]
........................................................................ [ 96%]
........................................................................ [ 98%]
..................................................................       [100%]
4453 passed, 6 skipped in 923.92s (0:15:23)

--- docs_verify ---
docs_verify [full]: 70 documents, 1174 checks, 4 workers
  FAIL CON-run-identity.md:211: git log -M --diff-filter=R --name-status --format= -- experiments/live_research_2026-07-29/selfstudy/runs/ | grep -o 'runs/[a-z0-9-]*run-9175f0ecb055e57455af3c50df153c5a/run-manifest.json' | sort -u | tr '\n' ' ' | grep -qx 'runs/failed-epoch1-run-9175f0ecb055e57455af3c50df153c5a/run-manifest.json runs/failed-epoch2-run-9175f0ecb055e57455af3c50df153c5a/run-manifest.json runs/run-9175f0ecb055e57455af3c50df153c5a/run-manifest.json '
      -> 
  FAIL CON-run-identity.md:213: git log -1 --format=%s 1637e808 | grep -qi retire
      -> fatal: ambiguous argument '1637e808': unknown revision or path not in the working tree. | Use '--' to separate paths from revisions, like this: | 'git <command> [<revision>...] -- [<file>...]'
  FAIL CON-run-identity.md:215: test -z "$(git show -M --diff-filter=R --name-status --format= f304fec1)" && git log -1 --format=%s f304fec1 | grep -qi "retire.*epoch3" && git show --name-status --format= 6a8758a5 -- experiments/live_research_2026-07-29/selfstudy/runs/completed-epoch3-run-9175f0ecb055e57455af3c50df153c5a/run-manifest.json | grep -q "^A"
      -> fatal: ambiguous argument 'f304fec1': unknown revision or path not in the working tree. | Use '--' to separate paths from revisions, like this: | 'git <command> [<revision>...] -- [<file>...]'
  FAIL INV-frozen-surfaces.md:181: test "$(find experiments runs -path '*workflow-provider-attempt-v1/*.json' -exec grep -l 'transport_failure' {} + 2>/dev/null | wc -l)" -eq 0
      -> 
docs_verify: 4 failed
2026-08-29 12:42:58 end
