containment_prefix: ('/usr/bin/unshare', '--map-root-user', '--net', '--')

========================================================================
HELD: the guard and the limits stop the obvious attacks
========================================================================
  import socket          -> fail     {"error": "simulation unsafe or unparseable: simulation may not import or mutate scope"}
  __import__             -> fail     {"error": "simulation raised NameError: name '__import__' is not defined", "input_index": 0, "seed": 7}
  dunder walk            -> fail     {"error": "simulation unsafe or unparseable: simulation may not traverse private attributes"}
  open() absolute        -> fail     {"error": "simulation raised NameError: name 'open' is not defined", "input_index": 0, "seed": 7}
  infinite loop          -> fail     {"error": "deterministic step limit exceeded", "steps": 100001}
  int bomb (C-level)     -> overrun  {"sandbox_abort": "worker terminated by resource containment", "returncode": -24, "stderr_sha256": "e3b0c44298fc1c149afbf4c8996fb92427ae41e4649b934ca4
  memory bomb            -> overrun  {"sandbox_abort": "resource containment"}

========================================================================
E1 BROKEN (d): file access is NOT confined to the sandbox directory
========================================================================
  verdict=pass  trace={"samples_passed": 1, "steps": 2285}
  file written OUTSIDE the ephemeral scratch dir: True
  contents: 'ESCAPED'

========================================================================
E2 BROKEN (e): arbitrary shell commands run at harness privilege
========================================================================
  verdict=pass  os.system('true') returncode in output:
    b'[{"input_index":0,"metrics":{},"observables":{"value":0},"passed":true,"seed":7}]'

========================================================================
A HOLDS (a): the network namespace survives a full language escape
========================================================================
  verdict=pass
    b'[{"input_index":0,"metrics":{},"observables":{"value":"NETWORK_DENIED [Errno 101] Network is unreachable"},"passed":true,"seed":7}]'

========================================================================
E3 BROKEN: the SAME escape on the code-testing channel, which is ON
========================================================================
  exec-oracle verdict on the hostile candidate: pass
  marker written: True
  network result from inside the sandbox: 'NETWORK_REACHED'

========================================================================
cleanup
========================================================================
  markers removed: True
