containment_prefix: ('/usr/bin/unshare', '--map-root-user', '--net', '--')

========================================================================
HELD: the guard and the limits stop the obvious attacks
========================================================================
  import socket          -> fail     {"error": "simulation unsafe or unparseable: simulation may not import or mutate scope"}
  __import__             -> fail     {"error": "simulation raised NameError: name '__import__' is not defined", "input_index": 0, "seed": 7}
  dunder walk            -> fail     {"error": "simulation unsafe or unparseable: simulation may not traverse .__subclasses__"}
  open() absolute        -> fail     {"error": "simulation raised NameError: name 'open' is not defined", "input_index": 0, "seed": 7}
  infinite loop          -> fail     {"error": "deterministic step limit exceeded", "steps": 100001}
  int bomb (C-level)     -> overrun  {"sandbox_abort": "worker terminated by resource containment", "returncode": -24, "stderr_sha256": "e3b0c44298fc1c149afbf4c8996fb92427ae41e4649b934ca4
  memory bomb            -> overrun  {"sandbox_abort": "resource containment"}

========================================================================
E1 (d): can model code write outside the sandbox directory?
========================================================================
  verdict=fail  trace={"error": "simulation unsafe or unparseable: simulation may not traverse .f_globals"}
  file written OUTSIDE the ephemeral scratch dir: False

========================================================================
E2 (e): can model code run a shell command at harness privilege?
========================================================================
  verdict=fail  os.system('true') returncode in output:

========================================================================
A (a): does the network namespace survive a language escape?
========================================================================
  verdict=fail

========================================================================
E3: the same escape on the code-testing channel, which is ON
========================================================================
  exec-oracle verdict on the hostile candidate: fail
  marker written: False

========================================================================
cleanup
========================================================================
  markers removed: True
