=== STEP 2 GREEN (fix in place) ===
test sha256: 03c84608a418455df5ea341d5ead01fde65c7c0c8ddfedd6fe00069d37c68858
.....                                                                    [100%]
5 passed in 0.28s

=== STEP 3-4 MUTATED: retry site restored to the pre-fix expression ===
                        except ConjectureContextStale:
                            if context_attempt:
                                raise
                            context_plan = self._plan_conjecture_context(problem, school_id)
                            shadow_ticket = self._begin_workflow_shadow(
                                problem,
                                (school_id if school_id in school_leases else None),
                                context_plan,
test sha256: 03c84608a418455df5ea341d5ead01fde65c7c0c8ddfedd6fe00069d37c68858
E           assert '_plan_conjecture_context' == '_dispatch_co..._context_plan'
E             
E             - _dispatch_conjecture_context_plan
E             ?  ---  ^^^                   -----
E             + _plan_conjecture_context
E             ?   + ^

tests/test_scheduler_v6_context_plan_retry.py:124: AssertionError
=========================== short test summary info ============================
FAILED tests/test_scheduler_v6_context_plan_retry.py::test_only_the_dispatch_rule_may_plan_conjecture_context
FAILED tests/test_scheduler_v6_context_plan_retry.py::test_conj_dispatch_uses_the_rule_at_every_site
2 failed, 3 passed in 0.36s

=== STEP 5 RESTORED: GREEN again ===
test sha256: 03c84608a418455df5ea341d5ead01fde65c7c0c8ddfedd6fe00069d37c68858
.....                                                                    [100%]
5 passed in 0.27s
scheduler.py identical to the applied fix: 0 unstaged lines of drift
