baseline               random_number    distinct=  2 top_mass=0.8333 mode='42'
baseline               fruit            distinct=  1 top_mass=1.0 mode='apple'
baseline               colour           distinct=  2 top_mass=0.8333 mode='blue'
baseline               animal           distinct=  1 top_mass=1.0 mode='elephant'
baseline               card             distinct=  7 top_mass=0.4167 mode='ace of spades'
baseline               vegetable        distinct=  2 top_mass=0.6667 mode='broccoli'
temperature_high       random_number    distinct=  2 top_mass=0.5833 mode='42'
temperature_high       fruit            distinct=  2 top_mass=0.9167 mode='apple'
temperature_high       colour           distinct=  2 top_mass=0.5833 mode='blue'
temperature_high       animal           distinct=  2 top_mass=0.9167 mode='elephant'
temperature_high       card             distinct=  6 top_mass=0.25 mode='queen of hearts'
temperature_high       vegetable        distinct=  2 top_mass=0.75 mode='broccoli'
temperature_max        random_number    distinct=  6 top_mass=0.4167 mode='42'
temperature_max        fruit            distinct=  2 top_mass=0.9167 mode='apple'
temperature_max        colour           distinct=  5 top_mass=0.5833 mode='blue'
temperature_max        animal           distinct=  4 top_mass=0.75 mode='elephant'
temperature_max        card             distinct= 10 top_mass=0.1667 mode='ace of spades'
temperature_max        vegetable        distinct=  3 top_mass=0.5833 mode='carrot'
top_p_wide             random_number    distinct=  2 top_mass=0.6667 mode='42'
top_p_wide             fruit            distinct=  1 top_mass=1.0 mode='apple'
top_p_wide             colour           distinct=  3 top_mass=0.8333 mode='blue'
top_p_wide             animal           distinct=  1 top_mass=1.0 mode='elephant'
top_p_wide             card             distinct=  5 top_mass=0.6667 mode='ace of spades'
top_p_wide             vegetable        distinct=  2 top_mass=0.75 mode='carrot'
seed_varied            random_number    distinct=  2 top_mass=0.8333 mode='42'
seed_varied            fruit            distinct=  1 top_mass=1.0 mode='apple'
seed_varied            colour           distinct=  2 top_mass=0.9167 mode='blue'
seed_varied            animal           distinct=  1 top_mass=1.0 mode='elephant'
seed_varied            card             distinct=  5 top_mass=0.4167 mode='ace of spades'
seed_varied            vegetable        distinct=  2 top_mass=0.5833 mode='carrot'
avoid_obvious          random_number    distinct=  2 top_mass=0.75 mode='73'
avoid_obvious          fruit            distinct=  6 top_mass=0.3333 mode='kumquat'
avoid_obvious          colour           distinct=  7 top_mass=0.3333 mode='chartreuse'
avoid_obvious          animal           distinct=  3 top_mass=0.5 mode='narwhal'
avoid_obvious          card             distinct=  2 top_mass=0.6667 mode='four of diamonds'
avoid_obvious          vegetable        distinct=  1 top_mass=1.0 mode='kohlrabi'
persona_random         random_number    distinct=  2 top_mass=0.75 mode='42'
persona_random         fruit            distinct=  5 top_mass=0.3333 mode='apple'
persona_random         colour           distinct=  2 top_mass=0.9167 mode='blue'
persona_random         animal           distinct=  8 top_mass=0.25 mode='platypus'
persona_random         card             distinct=  9 top_mass=0.1667 mode='king of hearts'
persona_random         vegetable        distinct=  3 top_mass=0.8333 mode='carrot'
school_stance          random_number    distinct=  3 top_mass=0.75 mode='73'
school_stance          fruit            distinct=  5 top_mass=0.5833 mode='apple'
school_stance          colour           distinct=  6 top_mass=0.5 mode='red'
school_stance          animal           distinct=  6 top_mass=0.25 mode='wolf'
school_stance          card             distinct=  4 top_mass=0.5833 mode='seven of clubs'
school_stance          vegetable        distinct=  8 top_mass=0.3333 mode='potato'
anti_anchor_fewshot    random_number    distinct=  5 top_mass=0.5833 mode='42'
anti_anchor_fewshot    fruit            distinct=  5 top_mass=0.4167 mode='mango'
anti_anchor_fewshot    colour           distinct=  7 top_mass=0.3333 mode='cyan'
anti_anchor_fewshot    animal           distinct=  6 top_mass=0.3333 mode='giraffe'
anti_anchor_fewshot    card             distinct=  1 top_mass=1.0 mode='two of diamonds'
anti_anchor_fewshot    vegetable        distinct=  7 top_mass=0.25 mode='cucumber'

wrote experiments/live_jolt_2026-07-31/probe_results.json
