bringing up nodes...
bringing up nodes...

........................................................................ [  1%]
........................................................................ [  2%]
........................................................................ [  4%]
.......................s..s............................................. [  5%]
........................................................................ [  6%]
........................................................................ [  8%]
......................................................s................. [  9%]
........................................................................ [ 11%]
....................................................................s... [ 12%]
........................................................................ [ 13%]
........................................................................ [ 15%]
........................................................................ [ 16%]
........................................................................ [ 17%]
........................................................................ [ 19%]
........................................................................ [ 20%]
........................................................................ [ 22%]
.............................................s.......................... [ 23%]
........................................................................ [ 24%]
........................................................................ [ 26%]
........................................................................ [ 27%]
........................................................................ [ 28%]
........................................................................ [ 30%]
........................................................................ [ 31%]
........................................................................ [ 33%]
........................................................................ [ 34%]
........................................................................ [ 35%]
........................................................................ [ 37%]
........................................................................ [ 38%]
........................................................................ [ 40%]
........................................................................ [ 41%]
........................................................................ [ 42%]
........................................................................ [ 44%]
........................................................................ [ 45%]
........................................................................ [ 46%]
........................................................................ [ 48%]
........................................................................ [ 49%]
........................................................................ [ 51%]
........................................................................ [ 52%]
........................................................................ [ 53%]
........................................................................ [ 55%]
........................................................................ [ 56%]
........................................................................ [ 57%]
........................................................................ [ 59%]
........................................................................ [ 60%]
........................................................................ [ 62%]
........................................................................ [ 63%]
........................................................................ [ 64%]
........................................................................ [ 66%]
........................................................................ [ 67%]
........................................................................ [ 68%]
........................................................................ [ 70%]
........................................................................ [ 71%]
........................................................................ [ 73%]
........................................................................ [ 74%]
........................................................................ [ 75%]
........................................................................ [ 77%]
........................................................................ [ 78%]
........................................................................ [ 80%]
........................................................................ [ 81%]
........................................................................ [ 82%]
........................................................................ [ 84%]
........................................................................ [ 85%]
........................................................................ [ 86%]
........................................................................ [ 88%]
........................................................................ [ 89%]
........................................................................ [ 91%]
........................................................................ [ 92%]
........................................................................ [ 93%]
........................................................................ [ 95%]
........................................................................ [ 96%]
........................................................................ [ 97%]
........................................................................ [ 99%]
....................................                                     [100%]
5215 passed, 6 skipped in 1333.16s (0:22:13)
GATE_RC=0
